
> next-postgres-starter@0.1.0 build C:\next-postgres-starter
> next build

  Γû▓ Next.js 14.2.32
  - Environments: .env.production.local, .env.local, .env.production, .env

   Creating an optimized production build ...
 Γ£ô Compiled successfully
   Linting and checking validity of types ...

./app/admin/attachments/page-old.tsx
80:6  Warning: React Hook useEffect has a missing dependency: 'fetchAttachments'. Either include it or remove the dependency array.  react-hooks/exhaustive-deps

./app/admin/attachments/page.tsx
764:21  Warning: Using `<img>` could result in slower LCP and higher bandwidth. Consider using `<Image />` from `next/image` to automatically optimize images. This may incur additional usage or cost from your provider. See: https://nextjs.org/docs/messages/no-img-element  @next/next/no-img-element

./app/admin/modules/page.tsx
81:6  Warning: React Hook useEffect has a missing dependency: 'fetchModules'. Either include it or remove the dependency array.  react-hooks/exhaustive-deps

./app/dictionaries/waybill-items/page.tsx
70:61  Warning: React Hook useEffect has a missing dependency: 'search'. Either include it or remove the dependency array.  react-hooks/exhaustive-deps

./components/figma/bundle-distribution-grid.tsx
101:6  Warning: React Hook useEffect has a missing dependency: 'onChange'. Either include it or remove the dependency array. If 'onChange' changes too often, find the parent component that defines it and wrap that definition in useCallback.  react-hooks/exhaustive-deps

./components/figma/job-distribution-grid.tsx
127:6  Warning: React Hook useEffect has missing dependencies: 'distributionMode', 'handleAutoDistribute', and 'value'. Either include them or remove the dependency array.  react-hooks/exhaustive-deps

./components/figma/jobs-table.tsx
215:6  Warning: React Hook useEffect has a missing dependency: 'handleFilterChange'. Either include it or remove the dependency array.  react-hooks/exhaustive-deps

./components/figma/payment-attachments.tsx
145:6  Warning: React Hook useEffect has a missing dependency: 'loadAttachmentCount'. Either include it or remove the dependency array.  react-hooks/exhaustive-deps
237:6  Warning: React Hook useEffect has a missing dependency: 'documentCurrency'. Either include it or remove the dependency array.  react-hooks/exhaustive-deps
264:6  Warning: React Hook useEffect has missing dependencies: 'loadAttachments' and 'loadPaymentMeta'. Either include them or remove the dependency array.  react-hooks/exhaustive-deps

./components/figma/projects-report-table.tsx
1287:3  Warning: The 'buildPivot' function makes the dependencies of useMemo Hook (at line 1449) change on every render. To fix this, wrap the definition of 'buildPivot' in its own useCallback() Hook.  react-hooks/exhaustive-deps
1413:6  Warning: React Hook useMemo has a missing dependency: 'effectiveValue'. Either include it or remove the dependency array.  react-hooks/exhaustive-deps

info  - Need to disable some ESLint rules? Learn more here: https://nextjs.org/docs/basic-features/eslint#disabling-rules
   Collecting page data ...
   Generating static pages (0/117) ...
   Generating static pages (29/117) 
   Generating static pages (58/117) 
   Generating static pages (87/117) 
ParsingSchemeRulesTable: selectedRules size = 0 sortedRules length = 0
Checkbox component: [Function: i]
handleToggleAll function: [Function: tx]
 Γ£ô Generating static pages (117/117)
   Finalizing page optimization ...
   Collecting build traces ...

Route (app)                                           Size     First Load JS
Γöî Γùï /                                                 8.04 kB         124 kB
Γö£ Γùï /_not-found                                       881 B          88.7 kB
Γö£ Γùï /admin/analytics                                  2.01 kB        99.5 kB
Γö£ Γùï /admin/attachments                                9.83 kB         146 kB
Γö£ Γùï /admin/document-types                             9.79 kB         277 kB
Γö£ Γùï /admin/financial-codes                            6.21 kB         233 kB
Γö£ Γùï /admin/modules                                    2.88 kB         100 kB
Γö£ Γùï /admin/permissions                                2.77 kB         100 kB
Γö£ Γùï /admin/projects                                   2.97 kB         100 kB
Γö£ ╞Æ /admin/users                                      13.5 kB         286 kB
Γö£ ╞Æ /api/adjustments                                  0 B                0 B
Γö£ ╞Æ /api/adjustments/preview-nominal                  0 B                0 B
Γö£ ╞Æ /api/admin/backparse                              0 B                0 B
Γö£ ╞Æ /api/admin/seed-modules                           0 B                0 B
Γö£ ╞Æ /api/attachments                                  0 B                0 B
Γö£ ╞Æ /api/attachments-simple                           0 B                0 B
Γö£ ╞Æ /api/attachments/[uuid]                           0 B                0 B
Γö£ ╞Æ /api/attachments/[uuid]/download                  0 B                0 B
Γö£ ╞Æ /api/attachments/[uuid]/view                      0 B                0 B
Γö£ ╞Æ /api/audit                                        0 B                0 B
Γö£ ╞Æ /api/auth/[...nextauth]                           0 B                0 B
Γö£ ╞Æ /api/bank-accounts                                0 B                0 B
Γö£ ╞Æ /api/bank-accounts/[uuid]                         0 B                0 B
Γö£ ╞Æ /api/bank-accounts/balance-check                  0 B                0 B
Γö£ ╞Æ /api/bank-accounts/daily-balances                 0 B                0 B
Γö£ ╞Æ /api/bank-transaction-batches                     0 B                0 B
Γö£ ╞Æ /api/bank-transactions                            0 B                0 B
Γö£ ╞Æ /api/bank-transactions-test                       0 B                0 B
Γö£ ╞Æ /api/bank-transactions-test/upload                0 B                0 B
Γö£ ╞Æ /api/bank-transactions/[id]                       0 B                0 B
Γö£ ╞Æ /api/bank-transactions/backparse                  0 B                0 B
Γö£ ╞Æ /api/bank-transactions/backparse-preview          0 B                0 B
Γö£ ╞Æ /api/bank-transactions/backparse-selected         0 B                0 B
Γö£ ╞Æ /api/bank-transactions/bulk-bind                  0 B                0 B
Γö£ ╞Æ /api/bank-transactions/import-xlsx                0 B                0 B
Γö£ ╞Æ /api/bank-transactions/parsing-lock               0 B                0 B
Γö£ ╞Æ /api/bank-transactions/parsing-lock/[id]          0 B                0 B
Γö£ ╞Æ /api/bank-transactions/raw-record/[uuid]          0 B                0 B
Γö£ ╞Æ /api/bank-transactions/reparse                    0 B                0 B
Γö£ ╞Æ /api/bank-transactions/upload                     0 B                0 B
Γö£ ╞Æ /api/banks                                        0 B                0 B
Γö£ ╞Æ /api/banks/[uuid]                                 0 B                0 B
Γö£ ╞Æ /api/blob/upload                                  0 B                0 B
Γö£ ╞Æ /api/brands                                       0 B                0 B
Γö£ ╞Æ /api/clear-sessions                               0 B                0 B
Γö£ ╞Æ /api/conversions                                  0 B                0 B
Γö£ ╞Æ /api/counteragent-statement                       0 B                0 B
Γö£ ╞Æ /api/counteragents                                0 B                0 B
Γö£ ╞Æ /api/countries                                    0 B                0 B
Γö£ ╞Æ /api/countries/export                             0 B                0 B
Γö£ ╞Æ /api/cron/bog-import-last-3-days                  0 B                0 B
Γö£ ╞Æ /api/cron/cash-based-monthly-accruals             0 B                0 B
Γö£ ╞Æ /api/cron/recurring-payments-monthly              0 B                0 B
Γö£ ╞Æ /api/cron/sync-nbg-rates                          0 B                0 B
Γö£ ╞Æ /api/cron/sync-to-sheets                          0 B                0 B
Γö£ ╞Æ /api/cron/update-nbg-rates                        0 B                0 B
Γö£ ╞Æ /api/cron/waybills-quarterly                      0 B                0 B
Γö£ ╞Æ /api/cron/waybills-today                          0 B                0 B
Γö£ ╞Æ /api/currencies                                   0 B                0 B
Γö£ ╞Æ /api/debug-session                                0 B                0 B
Γö£ ╞Æ /api/designs/[slug]                               0 B                0 B
Γö£ ╞Æ /api/diagnostic/attachments-check                 0 B                0 B
Γö£ ╞Æ /api/dimensions                                   0 B                0 B
Γö£ ╞Æ /api/document-types                               0 B                0 B
Γö£ ╞Æ /api/document-types/[uuid]                        0 B                0 B
Γö£ ╞Æ /api/entity-types                                 0 B                0 B
Γö£ ╞Æ /api/exchange-rates                               0 B                0 B
Γö£ ╞Æ /api/exchange-rates/sync-sheets                   0 B                0 B
Γö£ ╞Æ /api/exchange-rates/update                        0 B                0 B
Γö£ ╞Æ /api/financial-codes                              0 B                0 B
Γö£ ╞Æ /api/financial-codes/[uuid]                       0 B                0 B
Γö£ ╞Æ /api/financial-codes/children/[parentUuid]        0 B                0 B
Γö£ ╞Æ /api/financial-codes/tree                         0 B                0 B
Γö£ ╞Æ /api/insider-bank-accounts                        0 B                0 B
Γö£ ╞Æ /api/insider-selection                            0 B                0 B
Γö£ ╞Æ /api/integrations/bog/statements                  0 B                0 B
Γö£ ╞Æ /api/integrations/bog/test                        0 B                0 B
Γö£ ╞Æ /api/integrations/openclaw/command                0 B                0 B
Γö£ ╞Æ /api/integrations/signify/send                    0 B                0 B
Γö£ ╞Æ /api/integrations/supabase/health                 0 B                0 B
Γö£ ╞Æ /api/integrations/tbc-id/authorize-url            0 B                0 B
Γö£ ╞Æ /api/integrations/tbc-id/status                   0 B                0 B
Γö£ ╞Æ /api/integrations/tbc-id/token                    0 B                0 B
Γö£ ╞Æ /api/integrations/tbc-id/userinfo                 0 B                0 B
Γö£ ╞Æ /api/integrations/whatsapp/webhook                0 B                0 B
Γö£ ╞Æ /api/inventories                                  0 B                0 B
Γö£ ╞Æ /api/inventory-groups                             0 B                0 B
Γö£ ╞Æ /api/job-projects                                 0 B                0 B
Γö£ ╞Æ /api/jobs                                         0 B                0 B
Γö£ ╞Æ /api/jobs/attachments                             0 B                0 B
Γö£ ╞Æ /api/jobs/attachments/confirm                     0 B                0 B
Γö£ ╞Æ /api/jobs/attachments/delete                      0 B                0 B
Γö£ ╞Æ /api/jobs/attachments/upload                      0 B                0 B
Γö£ ╞Æ /api/missing-counteragents                        0 B                0 B
Γö£ ╞Æ /api/module-features                              0 B                0 B
Γö£ ╞Æ /api/modules                                      0 B                0 B
Γö£ ╞Æ /api/nav/config                                   0 B                0 B
Γö£ ╞Æ /api/nav/folders                                  0 B                0 B
Γö£ ╞Æ /api/nav/folders/[id]                             0 B                0 B
Γö£ ╞Æ /api/nav/items                                    0 B                0 B
Γö£ ╞Æ /api/nav/reorder                                  0 B                0 B
Γö£ ╞Æ /api/parsing-scheme-columns                       0 B                0 B
Γö£ ╞Æ /api/parsing-scheme-rules                         0 B                0 B
Γö£ ╞Æ /api/parsing-scheme-rules/[id]                    0 B                0 B
Γö£ ╞Æ /api/parsing-scheme-rules/batch-run               0 B                0 B
Γö£ ╞Æ /api/parsing-scheme-rules/test-rule               0 B                0 B
Γö£ ╞Æ /api/parsing-scheme-rules/toggle-active/[id]      0 B                0 B
Γö£ ╞Æ /api/parsing-schemes                              0 B                0 B
Γö£ ╞Æ /api/payment-bundles                              0 B                0 B
Γö£ ╞Æ /api/payment-id-options                           0 B                0 B
Γö£ ╞Æ /api/payment-redistribution                       0 B                0 B
Γö£ ╞Æ /api/payment-redistribution/apply                 0 B                0 B
Γö£ ╞Æ /api/payment-redistribution/fifo                  0 B                0 B
Γö£ ╞Æ /api/payment-redistribution/fifo/apply            0 B                0 B
Γö£ ╞Æ /api/payment-redistribution/optimize              0 B                0 B
Γö£ ╞Æ /api/payment-statement                            0 B                0 B
Γö£ ╞Æ /api/payments                                     0 B                0 B
Γö£ ╞Æ /api/payments-jobs                                0 B                0 B
Γö£ ╞Æ /api/payments-jobs/auto-distribute                0 B                0 B
Γö£ ╞Æ /api/payments-jobs/recalculate                    0 B                0 B
Γö£ ╞Æ /api/payments-ledger                              0 B                0 B
Γö£ ╞Æ /api/payments-ledger/[id]                         0 B                0 B
Γö£ ╞Æ /api/payments-ledger/bulk                         0 B                0 B
Γö£ ╞Æ /api/payments-ledger/confirm                      0 B                0 B
Γö£ ╞Æ /api/payments-ledger/deconfirm                    0 B                0 B
Γö£ ╞Æ /api/payments-ledger/sums                         0 B                0 B
Γö£ ╞Æ /api/payments-report                              0 B                0 B
Γö£ ╞Æ /api/payments/[counteragentUuid]/payment-options  0 B                0 B
Γö£ ╞Æ /api/payments/attachments                         0 B                0 B
Γö£ ╞Æ /api/payments/attachments/confirm                 0 B                0 B
Γö£ ╞Æ /api/payments/attachments/delete                  0 B                0 B
Γö£ ╞Æ /api/payments/attachments/download                0 B                0 B
Γö£ ╞Æ /api/payments/attachments/ocr                     0 B                0 B
Γö£ ╞Æ /api/payments/attachments/update                  0 B                0 B
Γö£ ╞Æ /api/payments/attachments/upload                  0 B                0 B
Γö£ ╞Æ /api/payments/check-duplicates                    0 B                0 B
Γö£ ╞Æ /api/payments/meta                                0 B                0 B
Γö£ ╞Æ /api/permissions/analytics                        0 B                0 B
Γö£ ╞Æ /api/permissions/me                               0 B                0 B
Γö£ ╞Æ /api/permissions/modules                          0 B                0 B
Γö£ ╞Æ /api/permissions/users                            0 B                0 B
Γö£ ╞Æ /api/project-report-views                         0 B                0 B
Γö£ ╞Æ /api/project-report-views/[uuid]                  0 B                0 B
Γö£ ╞Æ /api/project-states                               0 B                0 B
Γö£ ╞Æ /api/projects                                     0 B                0 B
Γö£ ╞Æ /api/projects-report                              0 B                0 B
Γö£ ╞Æ /api/projects-v2                                  0 B                0 B
Γö£ ╞Æ /api/projects/[id]                                0 B                0 B
Γö£ ╞Æ /api/projects/attachments                         0 B                0 B
Γö£ ╞Æ /api/projects/attachments/confirm                 0 B                0 B
Γö£ ╞Æ /api/projects/attachments/delete                  0 B                0 B
Γö£ ╞Æ /api/projects/attachments/upload                  0 B                0 B
Γö£ ╞Æ /api/projects/bundle-distribution                 0 B                0 B
Γö£ ╞Æ /api/projects/confirmed-check                     0 B                0 B
Γö£ ╞Æ /api/projects/import                              0 B                0 B
Γö£ ╞Æ /api/public/payment-attachments                   0 B                0 B
Γö£ ╞Æ /api/raw-bog-gel-records                          0 B                0 B
Γö£ ╞Æ /api/required-insider                             0 B                0 B
Γö£ ╞Æ /api/rs-unit-dimension-map                        0 B                0 B
Γö£ ╞Æ /api/salary-accruals                              0 B                0 B
Γö£ ╞Æ /api/salary-accruals/upload-period                0 B                0 B
Γö£ ╞Æ /api/salary-accruals/upload-self-ge               0 B                0 B
Γö£ ╞Æ /api/salary-accruals/upload-tbc-insurance         0 B                0 B
Γö£ ╞Æ /api/salary-report                                0 B                0 B
Γö£ ╞Æ /api/services-report                              0 B                0 B
Γö£ ╞Æ /api/storage/upload-url                           0 B                0 B
Γö£ ╞Æ /api/test-env                                     0 B                0 B
Γö£ ╞Æ /api/users                                        0 B                0 B
Γö£ ╞Æ /api/validate-parsing-formula                     0 B                0 B
Γö£ ╞Æ /api/waybill-items                                0 B                0 B
Γö£ ╞Æ /api/waybills                                     0 B                0 B
Γö£ ╞Æ /api/waybills/backfill-items                      0 B                0 B
Γö£ ╞Æ /api/waybills/backfill-items-per-waybill          0 B                0 B
Γö£ ╞Æ /api/waybills/backfill-unit-txt                   0 B                0 B
Γö£ ╞Æ /api/waybills/bulk                                0 B                0 B
Γö£ ╞Æ /api/waybills/debug-units                         0 B                0 B
Γö£ ╞Æ /api/waybills/import                              0 B                0 B
Γö£ ╞Æ /api/waybills/pdf                                 0 B                0 B
Γö£ ╞Æ /api/waybills/similar-address                     0 B                0 B
Γö£ ╞Æ /api/waybills/sync                                0 B                0 B
Γö£ Γùï /auth/error                                       1.67 kB        98.2 kB
Γö£ Γùï /auth/signin                                      1.55 kB        99.1 kB
Γö£ Γùï /auth/unauthorized                                170 B            88 kB
Γö£ Γùï /bank-transaction-batches                         8.63 kB         139 kB
Γö£ Γùï /bank-transactions/missing-counteragents          5.27 kB         144 kB
Γö£ ╞Æ /counteragent-statement/[counteragentUuid]        32.6 kB         332 kB
Γö£ Γùï /dictionaries                                     10.2 kB         142 kB
Γö£ Γùï /dictionaries/bank-accounts                       12.8 kB         293 kB
Γö£ Γùï /dictionaries/bank-transactions                   4.41 kB        92.2 kB
Γö£ Γùï /dictionaries/bank-transactions-test              171 B            88 kB
Γö£ Γùï /dictionaries/banks                               7.21 kB         255 kB
Γö£ ╞Æ /dictionaries/conversions                         5.12 kB         131 kB
Γö£ Γùï /dictionaries/counteragents                       2.36 kB        90.2 kB
Γö£ ╞Æ /dictionaries/counteragents/[id]                  3.45 kB        91.3 kB
Γö£ ╞Æ /dictionaries/counteragents/api                   0 B                0 B
Γö£ ╞Æ /dictionaries/counteragents/new                   2.03 kB        89.8 kB
Γö£ Γùï /dictionaries/countries                           11.2 kB         140 kB
Γö£ ╞Æ /dictionaries/countries/[id]/edit                 400 B          96.9 kB
Γö£ ╞Æ /dictionaries/countries/new                       179 B          96.7 kB
Γö£ Γùï /dictionaries/currencies                          7.81 kB         255 kB
Γö£ Γùï /dictionaries/dimensions                          5.17 kB         253 kB
Γö£ Γùï /dictionaries/entity-types                        10.6 kB         139 kB
Γö£ ╞Æ /dictionaries/entity-types/[id]/edit              400 B          96.9 kB
Γö£ ╞Æ /dictionaries/entity-types/api                    0 B                0 B
Γö£ Γùï /dictionaries/inventories                         7.56 kB         255 kB
Γö£ Γùï /dictionaries/inventory-groups                    6.81 kB         254 kB
Γö£ Γùï /dictionaries/jobs                                3.8 kB          300 kB
Γö£ Γùï /dictionaries/nbg-rates                           8.56 kB         256 kB
Γö£ Γùï /dictionaries/parsing-scheme-rules                15.1 kB         295 kB
Γö£ Γùï /dictionaries/payment-redistribution              11.3 kB         135 kB
Γö£ Γùï /dictionaries/payments                            15.4 kB         310 kB
Γö£ Γùï /dictionaries/payments-ledger                     9.96 kB         282 kB
Γö£ ╞Æ /dictionaries/payments-report                     25.5 kB         512 kB
Γö£ Γùï /dictionaries/projects                            2.95 kB         100 kB
Γö£ Γùï /dictionaries/projects-report                     23.4 kB         468 kB
Γö£ Γùï /dictionaries/rs-unit-dimension-map               4.16 kB         128 kB
Γö£ Γùï /dictionaries/salary-accruals                     21.9 kB         301 kB
Γö£ Γùï /dictionaries/services-report                     12.5 kB         498 kB
Γö£ Γùï /dictionaries/waybill-items                       7.29 kB         255 kB
Γö£ ╞Æ /dictionaries/waybills                            19.6 kB         306 kB
Γö£ Γùï /handovers                                        23.9 kB         339 kB
Γö£ ╞Æ /payment-statement/[paymentId]                    16.9 kB         289 kB
Γö£ ╞Æ /salary-report/[counteragentUuid]                 8.19 kB         235 kB
Γöö Γùï /voice                                            2 kB           89.8 kB
+ First Load JS shared by all                         87.8 kB
  Γö£ chunks/2545-8e7c6bf3664c83fe.js                   31.8 kB
  Γö£ chunks/85d49c90-d43f2ecf65181bc7.js               53.6 kB
  Γöö other shared chunks (total)                       2.41 kB


╞Æ Middleware                                          49.7 kB

Γùï  (Static)   prerendered as static content
╞Æ  (Dynamic)  server-rendered on demand

