
> next-postgres-starter@0.1.0 build D:\next-postgres-starter
> next build

  Γû▓ Next.js 14.2.32
  - Environments: .env.production.local, .env.local, .env.production, .env

   Creating an optimized production build ...
node.exe : [baseline-browser-mapping] The data in this module is over two 
months old.  To ensure accurate Baseline data, please update: `npm i 
baseline-browser-mapping@latest -D`
At C:\Users\User\AppData\Roaming\npm\pnpm.ps1:24 char:5
+     & "node$exe"  "$basedir/node_modules/pnpm/bin/pnpm.cjs" $args
+     ~~~~~~~~~~~~~~~~~~~~~~~~~~~~~~~~~~~~~~~~~~~~~~~~~~~~~~~~~~~~~
    + CategoryInfo          : NotSpecified: ([baseline-brows...ping@latest -D` 
   :String) [], RemoteException
    + FullyQualifiedErrorId : NativeCommandError
 
Browserslist: browsers data (caniuse-lite) is 9 months old. Please run:
  npx update-browserslist-db@latest
  Why you should do it regularly: 
https://github.com/browserslist/update-db#readme
Browserslist: caniuse-lite is outdated. Please run:
  npx update-browserslist-db@latest
  Why you should do it regularly: 
https://github.com/browserslist/update-db#readme
 Γ£ô Compiled successfully
   Linting and checking validity of types ...

./app/admin/attachments/page-old.tsx
80:6  Warning: React Hook useEffect has a missing dependency: 'fetchAttachments'. Either include it or remove the dependency array.  react-hooks/exhaustive-deps

./app/admin/attachments/page.tsx
764:21  Warning: Using `<img>` could result in slower LCP and higher bandwidth. Consider using `<Image />` from `next/image` to automatically optimize images. This may incur additional usage or cost from your provider. See: https://nextjs.org/docs/messages/no-img-element  @next/next/no-img-element

./app/admin/modules/page.tsx
81:6  Warning: React Hook useEffect has a missing dependency: 'fetchModules'. Either include it or remove the dependency array.  react-hooks/exhaustive-deps

./app/app-shell.tsx
75:6  Warning: React Hook useEffect has missing dependencies: 'children' and 'log'. Either include them or remove the dependency array.  react-hooks/exhaustive-deps

./app/dictionaries/waybill-items/page.tsx
70:61  Warning: React Hook useEffect has a missing dependency: 'search'. Either include it or remove the dependency array.  react-hooks/exhaustive-deps

./components/figma/bundle-distribution-grid.tsx
101:6  Warning: React Hook useEffect has a missing dependency: 'onChange'. Either include it or remove the dependency array. If 'onChange' changes too often, find the parent component that defines it and wrap that definition in useCallback.  react-hooks/exhaustive-deps

./components/figma/handovers-table.tsx
783:6  Warning: React Hook useCallback has a missing dependency: 'handleGlobalExportLegacy'. Either include it or remove the dependency array.  react-hooks/exhaustive-deps

./components/figma/job-distribution-grid.tsx
127:6  Warning: React Hook useEffect has missing dependencies: 'distributionMode', 'handleAutoDistribute', and 'value'. Either include them or remove the dependency array.  react-hooks/exhaustive-deps

./components/figma/jobs-table.tsx
215:6  Warning: React Hook useEffect has a missing dependency: 'handleFilterChange'. Either include it or remove the dependency array.  react-hooks/exhaustive-deps

./components/figma/payment-attachments.tsx
145:6  Warning: React Hook useEffect has a missing dependency: 'loadAttachmentCount'. Either include it or remove the dependency array.  react-hooks/exhaustive-deps
237:6  Warning: React Hook useEffect has a missing dependency: 'documentCurrency'. Either include it or remove the dependency array.  react-hooks/exhaustive-deps
264:6  Warning: React Hook useEffect has missing dependencies: 'loadAttachments' and 'loadPaymentMeta'. Either include them or remove the dependency array.  react-hooks/exhaustive-deps

./components/figma/projects-report-table.tsx
1287:3  Warning: The 'buildPivot' function makes the dependencies of useMemo Hook (at line 1449) change on every render. To fix this, wrap the definition of 'buildPivot' in its own useCallback() Hook.  react-hooks/exhaustive-deps
1413:6  Warning: React Hook useMemo has a missing dependency: 'effectiveValue'. Either include it or remove the dependency array.  react-hooks/exhaustive-deps

./components/floating-ai-button.tsx
27:6  Warning: React Hook useEffect has missing dependencies: 'isOpen', 'log', 'session', and 'status'. Either include them or remove the dependency array.  react-hooks/exhaustive-deps
38:6  Warning: React Hook useEffect has a missing dependency: 'log'. Either include it or remove the dependency array.  react-hooks/exhaustive-deps
46:6  Warning: React Hook useEffect has a missing dependency: 'log'. Either include it or remove the dependency array.  react-hooks/exhaustive-deps

info  - Need to disable some ESLint rules? Learn more here: https://nextjs.org/docs/basic-features/eslint#disabling-rules
Failed to compile.

./lib/logging/component-logger.ts:49:7
Type error: This expression is not callable.
  Not all constituents of type '{ (...data: any[]): void; (message?: any, 
...optionalParams: any[]): void; } | { (...data: any[]): void; (message?: any, 
...optionalParams: any[]): void; } | { (...data: any[]): void; (message?: any, 
...optionalParams: any[]): void; } | ... 19 more ... | ((label?: string | 
undefined) => void)' are callable.
    Type 'ConsoleConstructor' has no call signatures.

[0m [90m 47 |[39m     [36mif[39m 
(process[33m.[39menv[33m.[39m[33mNODE_ENV[39m [33m===[39m 
[32m'development'[39m [33m||[39m level [33m===[39m [32m'error'[39m) 
{[0m
[0m [90m 48 |[39m       [36mconst[39m consoleMethod [33m=[39m level 
[33m===[39m [32m'debug'[39m [33m?[39m [32m'log'[39m [33m:[39m 
level[33m;[39m[0m
[0m[31m[1m>[22m[39m[90m 49 |[39m       console[consoleMethod 
[36mas[39m keyof [36mtypeof[39m console]([0m
[0m [90m    |[39m       [31m[1m^[22m[39m[0m
[0m [90m 50 |[39m         [32m`[${component}] 
${message}`[39m[33m,[39m[0m
[0m [90m 51 |[39m         data[33m,[39m[0m
[0m [90m 52 |[39m       )[33m;[39m[0m
Next.js build worker exited with code: 1 and signal: null
ΓÇëELIFECYCLEΓÇë Command failed with exit code 1.
